// Vitest Snapshot v1, https://vitest.dev/guide/snapshot.html

exports[`lens analyze: fixtures > conto.pt.md matches 1`] = `
[
  "10 gerund/base "olhando"",
  "14 echo/base "mala"",
  "14 echo/base "olhou"",
  "14 echo/base "barco"",
  "14 echo/base "olhou"",
  "14 echo/base "janela"",
  "16 echo/base "dele"",
  "18 adverb/base "lentamente"",
  "20 gerund/base "esperando"",
  "22 echo/base "hora"",
  "22 echo/base "perguntou"",
  "22 crutch/base "de repente"",
  "22 crutch/base "sentiu"",
  "22 echo/base "inteira"",
  "24 adverb/base "rapidamente"",
  "26 echo/base "casa"",
  "28 echo/base "Vazia"",
  "30 echo/base "café"",
  "30 echo/base "barco"",
  "32 echo/base "barco"",
  "32 echo/base "casa"",
  "32 echo/base "vazia"",
  "32 crutch/base "percebeu"",
  "32 echo/base "percebeu"",
  "32 crutch/base "percebeu"",
  "32 echo/base "dela"",
  "40 gerund/gerundismo "Vou estar enviando"",
  "40 gerund/base "enviando"",
  "42 gerund/base "falando"",
  "42 gerund/base "dizendo-lhe"",
  "42 gerund/base "rindo"",
  "44 gerund/gerundismo "Vou estar enviando"",
  "44 echo/base "enviando"",
  "44 gerund/base "enviando"",
  "44 echo/base "fala"",
  "48 adverb/base "justamente"",
  "48 echo/base "raiva"",
  "48 echo/base "começou"",
  "48 crutch/base "começou a"",
  "48 gerund/base "chegando"",
  "50 gerund/base "dormindo"",
  "54 echo/base "único"",
  "56 echo/base "Passaram"",
  "56 gerund/base "trabalhando"",
  "56 gerund/base "enrolando"",
  "56 echo/base "moldura"",
  "56 echo/base "barco"",
  "60 echo/base "insistir"",
  "62 echo/base "acho"",
  "64 gerund/chain "Ela passou a noite arrumando caixas chorando em silêncio e cantando baixinho para não acordar o vizinho e Teo fingiu que não percebia nenhuma das três coisas"",
  "64 gerund/base "arrumando"",
  "64 gerund/base "chorando"",
  "64 gerund/base "cantando"",
  "64 gerund/chain "Ele ficou no quarto dos fundos empilhando livros separando cartas e riscando nomes de uma lista que ninguém lhe pedira"",
  "64 gerund/base "empilhando"",
  "64 gerund/base "separando"",
  "64 gerund/base "riscando"",
  "64 crutch/base "Ouviu"",
  "64 echo/base "ouviu"",
  "64 crutch/base "ouviu"",
  "64 echo/base "ouviu"",
  "64 crutch/base "ouviu"",
  "72 crutch/base "meio que"",
  "72 echo/base "xícara"",
  "74 adverb/base "cuidadosamente"",
  "74 echo/base "tempo"",
  "74 echo/base "lona"",
  "78 echo/base "caixa"",
  "78 crutch/base "sentiu"",
  "78 echo/base "envelope"",
  "78 echo/base "primeira"",
  "78 echo/base "linha"",
  "78 echo/base "letras"",
  "80 gerund/base "lendo"",
  "82 echo/base "barco"",
  "82 echo/base "fora"",
  "82 echo/base "nunca"",
  "82 echo/base "vendesse"",
  "82 echo/base "Pedira"",
  "82 echo/base "deixasse"",
  "84 gerund/base "chorando"",
  "88 adverb/base "finalmente"",
  "90 echo/base "sabia"",
  "90 echo/base "carta"",
  "90 echo/base "sabia"",
  "94 echo/base "caminhão"",
  "96 name/base "Marianna"",
  "96 crutch/base "de repente"",
  "98 echo/base "escrevia"",
  "98 echo/base "dois"",
  "98 echo/base "enes"",
  "100 echo/base "dois"",
  "100 echo/base "corda"",
  "100 crutch/base "percebeu"",
  "102 gerund/base "olhando"",
  "102 crutch/base "ouviu"",
  "102 echo/base "ouviu"",
  "102 crutch/base "ouviu"",
  "102 crutch/base "viu"",
  "102 crutch/base "viu"",
  "102 adverb/base "levemente"",
  "104 echo/base "coisa"",
  "108 long/base "Naquele instante depois de uma noite sem dormir de uma carta que mudava a história inteira da família de um barco que fora prometido ao mar muito antes de qualquer um deles nascer e de uma casa que seria esvaziada até a última cadeira Teo compreendeu que a pressa de Mariana a mentira dela e o silêncio da avó faziam parte da mesma despedida e que ele só tinha sido chamado para assistir ao fim"",
  "108 echo/base "dela"",
  "110 echo/base "dele"",
  "112 echo/base "mapa"",
  "114 echo/base "pediu"",
  "116 crutch/base "começou a"",
  "116 echo/base "cabia"",
  "118 echo/base "barco"",
  "118 echo/base "casa"",
  "118 crutch/base "começou a"",
  "118 echo/base "antes"",
  "118 echo/base "antes"",
  "120 crutch/base "ouviu"",
  "120 echo/base "caminhão"",
  "120 echo/base "ouviu"",
  "120 crutch/base "ouviu"",
  "120 gerund/base "chamando"",
  "120 crutch/base "sentiu"",
  "120 gerund/base "dizendo"",
]
`;

exports[`lens analyze: fixtures > essay.en.md matches 1`] = `
[
  "10 gerund/started "started to look"",
  "10 crutch/base "started to"",
  "12 gerund/started "began to keep"",
  "12 crutch/base "All of a sudden"",
  "14 echo/base "reading"",
  "14 echo/base "reading"",
  "14 adverb/base "slowly"",
  "14 adverb/base "patiently"",
  "14 adverb/base "quietly"",
  "14 adverb/base "carefully"",
  "14 adverb/base "invisibly"",
  "14 echo/base "revise"",
  "14 adverb/base "loudly"",
  "14 adverb/base "badly"",
  "16 echo/base "lines"",
  "16 echo/base "window"",
  "16 echo/base "window"",
  "16 echo/base "word"",
  "16 echo/base "knows"",
  "18 echo/base "adverbs"",
  "18 adverb/base "softly"",
  "18 adverb/base "slowly"",
  "18 adverb/base "quietly"",
  "18 echo/base "adverb"",
  "20 gerund/started "started to write"",
  "20 crutch/base "started to"",
  "20 crutch/base "felt"",
  "20 echo/base "felt"",
  "20 crutch/base "felt"",
  "20 echo/base "felt"",
  "20 crutch/base "felt"",
  "20 echo/base "felt"",
  "20 crutch/base "felt"",
  "20 crutch/base "sort of"",
  "20 crutch/base "noticed"",
  "20 echo/base "habit"",
  "20 echo/base "list"",
  "22 long/base "The fourth check is the long sentence and I will be honest about it I love a long sentence I protect it from editors and I still believe that a good one can carry a reader across a whole page without a single stumble if each clause hands the reader gently to the next and if the rhythm of the thing is steady enough that the breath does not run out before the period arrives which it must eventually even if the writer had hoped it never would"",
  "22 echo/base "long"",
  "22 echo/base "sentence"",
  "22 echo/base "reader"",
  "22 adverb/base "gently"",
  "22 adverb/base "eventually"",
  "30 gerund/started "started to tell"",
  "30 crutch/base "started to"",
  "34 echo/base "flaw"",
  "34 echo/base "flaw"",
  "36 name/base "Jaems"",
  "36 echo/base "cuts"",
  "36 crutch/base "saw"",
  "36 echo/base "line"",
  "36 long/base "I felt a little betrayed and a lot grateful and when I carried the single line home through the rain past the shuttered bakery and the bus stop where nobody ever waits I understood that both feelings were fair and that neither one needed to win"",
  "36 crutch/base "felt"",
  "36 echo/base "little"",
  "36 echo/base "single"",
  "36 echo/base "line"",
  "38 adverb/base "carefully"",
  "38 echo/base "check"",
  "38 echo/base "name"",
  "38 name/base "Anne"",
  "40 echo/base "lists"",
  "40 echo/base "words"",
  "40 echo/base "like"",
  "40 echo/base "like"",
  "40 echo/base "second"",
  "40 echo/base "pair"",
  "42 gerund/started "starting to rise"",
  "42 echo/base "starting"",
  "42 gerund/started "starting to empty"",
  "42 crutch/base "felt"",
]
`;

exports[`lens analyze: fixtures > measures and readability are pinned 1`] = `
{
  "en": {
    "band": "easy",
    "counts": {
      "adverb": 13,
      "crutch": 13,
      "echo": 34,
      "gerund": 6,
      "long": 2,
      "name": 2,
    },
    "raw": 84.76,
    "scenes": 2,
    "sentences": 66,
    "speech": 14,
    "syllables": 1209,
    "words": 952,
  },
  "pt": {
    "band": "veryEasy",
    "counts": {
      "adverb": 6,
      "crutch": 21,
      "echo": 66,
      "gerund": 26,
      "long": 1,
      "name": 1,
    },
    "raw": 75.13,
    "scenes": 2,
    "sentences": 130,
    "speech": 319,
    "syllables": 3189,
    "words": 1680,
  },
}
`;
